Γùç injected env (3) from .env // tip: Γîÿ override existing { override: true }
node.exe : Database error: 
Error: SASL: 
SCRAM-SERVER-FIRST-MESSAGE: 
client password must be a 
string
At line:1 char:1
+ & "C:\Program 
Files\nodejs/node.exe" 
"C:\Program 
Files\nodejs/node_mo ...
+ ~~~~~~~~~~~~~~~~~~~~~~~~~~~
~~~~~~~~~~~~~~~~~~~~~~~~~~~~~
~~~~~~~~~~~~~
    + CategoryInfo           
   : NotSpecified: (Databas  
  e error:...ust be a stri   
 ng:String) [], RemoteExc    
eption
    + FullyQualifiedErrorId  
   : NativeCommandError
 
    at C:\Users\hp\Desktop\pr
oject1\node_modules\pg-pool\i
ndex.js:45:11
    at process.processTicksAn
dRejections (node:internal/pr
ocess/task_queues:103:5)
    at async 
PrismaPgAdapter.performIO (C:
\Users\hp\Desktop\project1\no
de_modules\@prisma\adapter-pg
\dist\index.js:654:22)
    at async 
PrismaPgAdapter.queryRaw (C:\
Users\hp\Desktop\project1\nod
e_modules\@prisma\adapter-pg\
dist\index.js:604:30)
    at async e.interpretNode 
(C:\Users\hp\Desktop\project1
\node_modules\@prisma\client-
engine-runtime\src\interprete
r\query-interpreter.ts:186:26
)
    at async e.interpretNode 
(C:\Users\hp\Desktop\project1
\node_modules\@prisma\client-
engine-runtime\src\interprete
r\query-interpreter.ts:213:41
)
    at async e.interpretNode 
(C:\Users\hp\Desktop\project1
\node_modules\@prisma\client-
engine-runtime\src\interprete
r\query-interpreter.ts:272:41
)
    at async e.run (C:\Users\
hp\Desktop\project1\node_modu
les\@prisma\client-engine-run
time\src\interpreter\query-in
terpreter.ts:94:23)
    at async e.execute (C:\Us
ers\hp\Desktop\project1\node_
modules\@prisma\client\src\ru
ntime\core\engines\client\Loc
alExecutor.ts:81:12)
    at async jt.request (C:\U
sers\hp\Desktop\project1\node
_modules\@prisma\client\src\r
untime\core\engines\client\Cl
ientEngine.ts:504:22) {
  clientVersion: '7.8.0'
}
